
> clinic-pwa@0.1.0 build
> next build

ظû▓ Next.js 16.1.1 (Turbopack)
- Environments: .env.local

node.exe : ظأب The 
"middleware" file 
convention is 
deprecated. Please 
use "proxy" instead. 
Learn more: https://ne
xtjs.org/docs/messages
/middleware-to-proxy
At C:\Program Files\no
dejs\npm.ps1:29 char:3
+   & $NODE_EXE 
$NPM_CLI_JS $args
+   ~~~~~~~~~~~~~~~~~~
~~~~~~~~~~~
    + CategoryInfo    
          : NotSpeci  
  fied: (ظأب The "m   
 iddle...leware-to    
-proxy:String) []    
, RemoteException
    + FullyQualifiedE 
   rrorId : NativeCo  
  mmandError
 
  Creating an optimized production build ...

> Build error occurred
Error: Turbopack 
build failed with 4 
errors:
./components/landing/F
AQSection.tsx:2:10
Ecmascript file had 
an error
[0m [90m 1 |[39m 
[36mimport[39m { [3
3mPlus[39m[33m,[39m
 [33mMinus[39m } 
[36mfrom[39m [32m"l
ucide-react"[39m[33m
;[39m
[31m[1m>[22m[39m[
90m 2 |[39m 
[36mimport[39m { 
useState } 
[36mfrom[39m [32m"r
eact"[39m[33m;[39m
 [90m   |[39m       
   [31m[1m^[22m[39
m[31m[1m^[22m[39m
[31m[1m^[22m[39m[3
1m[1m^[22m[39m[31m
[1m^[22m[39m[31m[
1m^[22m[39m[31m[1m
^[22m[39m[31m[1m^
[22m[39m
 [90m 3 |[39m 
[36mimport[39m { 
useTranslations } 
[36mfrom[39m [32m'n
ext-intl'[39m[33m;[
39m
 [90m 4 |[39m
 [90m 5 |[39m 
[36mexport[39m 
[36mfunction[39m [3
3mFAQSection[39m() 
{[0m

You're importing a 
component that needs 
`useState`. This 
React Hook only works 
in a Client 
Component. To fix, 
mark the file (or its 
parent) with the 
`"use client"` 
directive.

 Learn more: https://n
extjs.org/docs/app/api
-reference/directives/
use-client



Import trace:
  Server Component:
    ./components/landi
ng/FAQSection.tsx
    ./app/[locale]/pag
e.tsx


./i18n/navigation.ts:1
:1
Export createSharedPat
hnamesNavigation 
doesn't exist in 
target module
[0m[31m[1m>[22m[3
9m[90m 1 |[39m 
[36mimport[39m { cre
ateSharedPathnamesNavi
gation } 
[36mfrom[39m [32m'n
ext-intl/navigation'[
39m[33m;[39m
 [90m   |[39m [31m
[1m^[22m[39m[31m[1
m^[22m[39m[31m[1m^
[22m[39m[31m[1m^[
22m[39m[31m[1m^[22
m[39m[31m[1m^[22m
[39m[31m[1m^[22m[3
9m[31m[1m^[22m[39m
[31m[1m^[22m[39m[
31m[1m^[22m[39m[31
m[1m^[22m[39m[31m
[1m^[22m[39m[31m[1
m^[22m[39m[31m[1m^
[22m[39m[31m[1m^[
22m[39m[31m[1m^[22
m[39m[31m[1m^[22m
[39m[31m[1m^[22m[3
9m[31m[1m^[22m[39m
[31m[1m^[22m[39m[
31m[1m^[22m[39m[31
m[1m^[22m[39m[31m
[1m^[22m[39m[31m[1
m^[22m[39m[31m[1m^
[22m[39m[31m[1m^[
22m[39m[31m[1m^[22
m[39m[31m[1m^[22m
[39m[31m[1m^[22m[3
9m[31m[1m^[22m[39m
[31m[1m^[22m[39m[
31m[1m^[22m[39m[31
m[1m^[22m[39m[31m
[1m^[22m[39m[31m[1
m^[22m[39m[31m[1m^
[22m[39m[31m[1m^[
22m[39m[31m[1m^[22
m[39m[31m[1m^[22m
[39m[31m[1m^[22m[3
9m[31m[1m^[22m[39m
[31m[1m^[22m[39m[
31m[1m^[22m[39m[31
m[1m^[22m[39m[31m
[1m^[22m[39m[31m[1
m^[22m[39m[31m[1m^
[22m[39m[31m[1m^[
22m[39m[31m[1m^[22
m[39m[31m[1m^[22m
[39m[31m[1m^[22m[3
9m[31m[1m^[22m[39m
[31m[1m^[22m[39m[
31m[1m^[22m[39m[31
m[1m^[22m[39m[31m
[1m^[22m[39m[31m[1
m^[22m[39m[31m[1m^
[22m[39m[31m[1m^[
22m[39m[31m[1m^[22
m[39m[31m[1m^[22m
[39m[31m[1m^[22m[3
9m[31m[1m^[22m[39m
[31m[1m^[22m[39m[
31m[1m^[22m[39m[31
m[1m^[22m[39m[31m
[1m^[22m[39m[31m[1
m^[22m[39m[31m[1m^
[22m[39m[31m[1m^[
22m[39m[31m[1m^[22
m[39m
 [90m 2 |[39m
 [90m 3 |[39m 
[36mexport[39m 
[36mconst[39m 
locales [33m=[39m [
[32m'en'[39m[33m,[3
9m [32m'ar'[39m] 
[36mas[39m [36mcons
t[39m[33m;[39m
 [90m 4 |[39m 
[36mexport[39m 
[36mconst[39m 
localePrefix 
[33m=[39m [32m'alwa
ys'[39m[33m;[39m 
[90m// 
Default[39m[0m

The export createShare
dPathnamesNavigation 
was not found in 
module [project]/node_
modules/next-intl/dist
/esm/production/naviga
tion.react-client.js 
[app-client] 
(ecmascript).
Did you mean to 
import 
createNavigation?
All exports of the 
module are statically 
known (It doesn't 
have dynamic 
exports). So it's 
known statically that 
the requested export 
doesn't exist.

Import traces:
  Server Component:
    
./i18n/navigation.ts
    ./components/landi
ng/BottomCTA.tsx
    ./app/[locale]/pag
e.tsx

  Client Component 
Browser:
    
./i18n/navigation.ts 
[Client Component 
Browser]
    ./components/layou
t/Navbar.tsx [Client 
Component Browser]
    ./components/layou
t/Navbar.tsx [Server 
Component]
    ./app/[locale]/pag
e.tsx [Server 
Component]

  Client Component 
SSR:
    
./i18n/navigation.ts 
[Client Component SSR]
    ./components/layou
t/Navbar.tsx [Client 
Component SSR]
    ./components/layou
t/Navbar.tsx [Server 
Component]
    ./app/[locale]/pag
e.tsx [Server 
Component]


./i18n/navigation.ts:1
:1
Export createSharedPat
hnamesNavigation 
doesn't exist in 
target module
[0m[31m[1m>[22m[3
9m[90m 1 |[39m 
[36mimport[39m { cre
ateSharedPathnamesNavi
gation } 
[36mfrom[39m [32m'n
ext-intl/navigation'[
39m[33m;[39m
 [90m   |[39m [31m
[1m^[22m[39m[31m[1
m^[22m[39m[31m[1m^
[22m[39m[31m[1m^[
22m[39m[31m[1m^[22
m[39m[31m[1m^[22m
[39m[31m[1m^[22m[3
9m[31m[1m^[22m[39m
[31m[1m^[22m[39m[
31m[1m^[22m[39m[31
m[1m^[22m[39m[31m
[1m^[22m[39m[31m[1
m^[22m[39m[31m[1m^
[22m[39m[31m[1m^[
22m[39m[31m[1m^[22
m[39m[31m[1m^[22m
[39m[31m[1m^[22m[3
9m[31m[1m^[22m[39m
[31m[1m^[22m[39m[
31m[1m^[22m[39m[31
m[1m^[22m[39m[31m
[1m^[22m[39m[31m[1
m^[22m[39m[31m[1m^
[22m[39m[31m[1m^[
22m[39m[31m[1m^[22
m[39m[31m[1m^[22m
[39m[31m[1m^[22m[3
9m[31m[1m^[22m[39m
[31m[1m^[22m[39m[
31m[1m^[22m[39m[31
m[1m^[22m[39m[31m
[1m^[22m[39m[31m[1
m^[22m[39m[31m[1m^
[22m[39m[31m[1m^[
22m[39m[31m[1m^[22
m[39m[31m[1m^[22m
[39m[31m[1m^[22m[3
9m[31m[1m^[22m[39m
[31m[1m^[22m[39m[
31m[1m^[22m[39m[31
m[1m^[22m[39m[31m
[1m^[22m[39m[31m[1
m^[22m[39m[31m[1m^
[22m[39m[31m[1m^[
22m[39m[31m[1m^[22
m[39m[31m[1m^[22m
[39m[31m[1m^[22m[3
9m[31m[1m^[22m[39m
[31m[1m^[22m[39m[
31m[1m^[22m[39m[31
m[1m^[22m[39m[31m
[1m^[22m[39m[31m[1
m^[22m[39m[31m[1m^
[22m[39m[31m[1m^[
22m[39m[31m[1m^[22
m[39m[31m[1m^[22m
[39m[31m[1m^[22m[3
9m[31m[1m^[22m[39m
[31m[1m^[22m[39m[
31m[1m^[22m[39m[31
m[1m^[22m[39m[31m
[1m^[22m[39m[31m[1
m^[22m[39m[31m[1m^
[22m[39m[31m[1m^[
22m[39m[31m[1m^[22
m[39m
 [90m 2 |[39m
 [90m 3 |[39m 
[36mexport[39m 
[36mconst[39m 
locales [33m=[39m [
[32m'en'[39m[33m,[3
9m [32m'ar'[39m] 
[36mas[39m [36mcons
t[39m[33m;[39m
 [90m 4 |[39m 
[36mexport[39m 
[36mconst[39m 
localePrefix 
[33m=[39m [32m'alwa
ys'[39m[33m;[39m 
[90m// 
Default[39m[0m

The export createShare
dPathnamesNavigation 
was not found in 
module [project]/node_
modules/next-intl/dist
/esm/production/naviga
tion.react-client.js 
[app-ssr] 
(ecmascript).
Did you mean to 
import 
createNavigation?
All exports of the 
module are statically 
known (It doesn't 
have dynamic 
exports). So it's 
known statically that 
the requested export 
doesn't exist.

Import traces:
  Server Component:
    
./i18n/navigation.ts
    ./components/landi
ng/BottomCTA.tsx
    ./app/[locale]/pag
e.tsx

  Client Component 
Browser:
    
./i18n/navigation.ts 
[Client Component 
Browser]
    ./components/layou
t/Navbar.tsx [Client 
Component Browser]
    ./components/layou
t/Navbar.tsx [Server 
Component]
    ./app/[locale]/pag
e.tsx [Server 
Component]

  Client Component 
SSR:
    
./i18n/navigation.ts 
[Client Component SSR]
    ./components/layou
t/Navbar.tsx [Client 
Component SSR]
    ./components/layou
t/Navbar.tsx [Server 
Component]
    ./app/[locale]/pag
e.tsx [Server 
Component]


./i18n/navigation.ts:1
:1
Export createSharedPat
hnamesNavigation 
doesn't exist in 
target module
[0m[31m[1m>[22m[3
9m[90m 1 |[39m 
[36mimport[39m { cre
ateSharedPathnamesNavi
gation } 
[36mfrom[39m [32m'n
ext-intl/navigation'[
39m[33m;[39m
 [90m   |[39m [31m
[1m^[22m[39m[31m[1
m^[22m[39m[31m[1m^
[22m[39m[31m[1m^[
22m[39m[31m[1m^[22
m[39m[31m[1m^[22m
[39m[31m[1m^[22m[3
9m[31m[1m^[22m[39m
[31m[1m^[22m[39m[
31m[1m^[22m[39m[31
m[1m^[22m[39m[31m
[1m^[22m[39m[31m[1
m^[22m[39m[31m[1m^
[22m[39m[31m[1m^[
22m[39m[31m[1m^[22
m[39m[31m[1m^[22m
[39m[31m[1m^[22m[3
9m[31m[1m^[22m[39m
[31m[1m^[22m[39m[
31m[1m^[22m[39m[31
m[1m^[22m[39m[31m
[1m^[22m[39m[31m[1
m^[22m[39m[31m[1m^
[22m[39m[31m[1m^[
22m[39m[31m[1m^[22
m[39m[31m[1m^[22m
[39m[31m[1m^[22m[3
9m[31m[1m^[22m[39m
[31m[1m^[22m[39m[
31m[1m^[22m[39m[31
m[1m^[22m[39m[31m
[1m^[22m[39m[31m[1
m^[22m[39m[31m[1m^
[22m[39m[31m[1m^[
22m[39m[31m[1m^[22
m[39m[31m[1m^[22m
[39m[31m[1m^[22m[3
9m[31m[1m^[22m[39m
[31m[1m^[22m[39m[
31m[1m^[22m[39m[31
m[1m^[22m[39m[31m
[1m^[22m[39m[31m[1
m^[22m[39m[31m[1m^
[22m[39m[31m[1m^[
22m[39m[31m[1m^[22
m[39m[31m[1m^[22m
[39m[31m[1m^[22m[3
9m[31m[1m^[22m[39m
[31m[1m^[22m[39m[
31m[1m^[22m[39m[31
m[1m^[22m[39m[31m
[1m^[22m[39m[31m[1
m^[22m[39m[31m[1m^
[22m[39m[31m[1m^[
22m[39m[31m[1m^[22
m[39m[31m[1m^[22m
[39m[31m[1m^[22m[3
9m[31m[1m^[22m[39m
[31m[1m^[22m[39m[
31m[1m^[22m[39m[31
m[1m^[22m[39m[31m
[1m^[22m[39m[31m[1
m^[22m[39m[31m[1m^
[22m[39m[31m[1m^[
22m[39m[31m[1m^[22
m[39m
 [90m 2 |[39m
 [90m 3 |[39m 
[36mexport[39m 
[36mconst[39m 
locales [33m=[39m [
[32m'en'[39m[33m,[3
9m [32m'ar'[39m] 
[36mas[39m [36mcons
t[39m[33m;[39m
 [90m 4 |[39m 
[36mexport[39m 
[36mconst[39m 
localePrefix 
[33m=[39m [32m'alwa
ys'[39m[33m;[39m 
[90m// 
Default[39m[0m

The export createShare
dPathnamesNavigation 
was not found in 
module [project]/node_
modules/next-intl/dist
/esm/production/naviga
tion.react-server.js 
[app-rsc] 
(ecmascript).
Did you mean to 
import 
createNavigation?
All exports of the 
module are statically 
known (It doesn't 
have dynamic 
exports). So it's 
known statically that 
the requested export 
doesn't exist.

Import traces:
  Server Component:
    
./i18n/navigation.ts
    ./components/landi
ng/BottomCTA.tsx
    ./app/[locale]/pag
e.tsx

  Client Component 
Browser:
    
./i18n/navigation.ts 
[Client Component 
Browser]
    ./components/layou
t/Navbar.tsx [Client 
Component Browser]
    ./components/layou
t/Navbar.tsx [Server 
Component]
    ./app/[locale]/pag
e.tsx [Server 
Component]

  Client Component 
SSR:
    
./i18n/navigation.ts 
[Client Component SSR]
    ./components/layou
t/Navbar.tsx [Client 
Component SSR]
    ./components/layou
t/Navbar.tsx [Server 
Component]
    ./app/[locale]/pag
e.tsx [Server 
Component]


    at <unknown> (./co
mponents/landing/FAQSe
ction.tsx:2:10)
    at <unknown> (./i1
8n/navigation.ts:1:1)
    at <unknown> (./i1
8n/navigation.ts:1:1)
    at <unknown> (./i1
8n/navigation.ts:1:1)
